// Jest Snapshot v1, https://goo.gl/fbAQLP

exports[`Test case for <ForgetPassword> page should have same markup 1`] = `
<div
  className="MuiPaper-root makeStyles-paper-2 MuiPaper-elevation3 MuiPaper-rounded"
>
  <h1
    className="MuiTypography-root makeStyles-title-3 MuiTypography-h1"
  >
    Set A New Password
  </h1>
  <h1
    className="MuiTypography-root makeStyles-subTitle-5 MuiTypography-h1"
  >
    Password should be atleast 8 characters
  </h1>
  <form
    className="makeStyles-form-4"
    noValidate={true}
  >
    <div
      className="MuiGrid-root makeStyles-grid-6 MuiGrid-container MuiGrid-spacing-xs-4"
    >
      <div
        className="MuiGrid-root MuiGrid-item MuiGrid-grid-xs-12"
      >
        <div
          className="MuiFormControl-root makeStyles-formControl-169"
        >
          <p
            className="MuiFormHelperText-root"
          >
            <span
              className="MuiTypography-root makeStyles-inputLabel-170 MuiTypography-caption"
            >
              New Password
              <span
                style={
                  Object {
                    "color": "red",
                  }
                }
              >
                *
              </span>
            </span>
          </p>
          <div
            className="MuiInputBase-root MuiOutlinedInput-root makeStyles-input-172 MuiInputBase-formControl MuiInputBase-adornedEnd MuiOutlinedInput-adornedEnd"
            onClick={[Function]}
          >
            <input
              aria-invalid={false}
              className="MuiInputBase-input MuiOutlinedInput-input MuiInputBase-inputAdornedEnd MuiOutlinedInput-inputAdornedEnd"
              disabled={false}
              id="base-input-"
              name=""
              onAnimationStart={[Function]}
              onBlur={[Function]}
              onChange={[Function]}
              onFocus={[Function]}
              required={false}
              type="text"
              value=""
            />
            <div
              className="MuiInputAdornment-root MuiInputAdornment-positionEnd"
            >
              <img
                alt=""
                src="visibility.svg"
              />
            </div>
            <fieldset
              aria-hidden={true}
              className="PrivateNotchedOutline-root-225 MuiOutlinedInput-notchedOutline"
              style={
                Object {
                  "paddingLeft": 8,
                }
              }
            >
              <legend
                className="PrivateNotchedOutline-legend-226"
                style={
                  Object {
                    "width": 0.01,
                  }
                }
              >
                <span
                  dangerouslySetInnerHTML={
                    Object {
                      "__html": "&#8203;",
                    }
                  }
                />
              </legend>
            </fieldset>
          </div>
          
        </div>
      </div>
      <div
        className="MuiGrid-root MuiGrid-item MuiGrid-grid-xs-12"
      >
        <div
          className="MuiFormControl-root makeStyles-formControl-169"
        >
          <p
            className="MuiFormHelperText-root"
          >
            <span
              className="MuiTypography-root makeStyles-inputLabel-170 MuiTypography-caption"
            >
              Confirm Password
              <span
                style={
                  Object {
                    "color": "red",
                  }
                }
              >
                *
              </span>
            </span>
          </p>
          <div
            className="MuiInputBase-root MuiOutlinedInput-root makeStyles-input-172 MuiInputBase-formControl MuiInputBase-adornedEnd MuiOutlinedInput-adornedEnd"
            onClick={[Function]}
          >
            <input
              aria-invalid={false}
              className="MuiInputBase-input MuiOutlinedInput-input MuiInputBase-inputAdornedEnd MuiOutlinedInput-inputAdornedEnd"
              disabled={false}
              id="base-input-"
              name=""
              onAnimationStart={[Function]}
              onBlur={[Function]}
              onChange={[Function]}
              onFocus={[Function]}
              required={false}
              type="text"
              value=""
            />
            <div
              className="MuiInputAdornment-root MuiInputAdornment-positionEnd"
            >
              <img
                alt=""
                src="visibility.svg"
              />
            </div>
            <fieldset
              aria-hidden={true}
              className="PrivateNotchedOutline-root-225 MuiOutlinedInput-notchedOutline"
              style={
                Object {
                  "paddingLeft": 8,
                }
              }
            >
              <legend
                className="PrivateNotchedOutline-legend-226"
                style={
                  Object {
                    "width": 0.01,
                  }
                }
              >
                <span
                  dangerouslySetInnerHTML={
                    Object {
                      "__html": "&#8203;",
                    }
                  }
                />
              </legend>
            </fieldset>
          </div>
          
        </div>
      </div>
      <div
        className="MuiGrid-root MuiGrid-container MuiGrid-item MuiGrid-justify-xs-center"
      >
        <button
          className="MuiButtonBase-root MuiButton-root MuiButton-text"
          disabled={false}
          onBlur={[Function]}
          onDragLeave={[Function]}
          onFocus={[Function]}
          onKeyDown={[Function]}
          onKeyUp={[Function]}
          onMouseDown={[Function]}
          onMouseLeave={[Function]}
          onMouseUp={[Function]}
          onTouchEnd={[Function]}
          onTouchMove={[Function]}
          onTouchStart={[Function]}
          tabIndex={0}
          type="button"
        >
          <span
            className="MuiButton-label"
          >
            Update Password
          </span>
        </button>
      </div>
    </div>
  </form>
</div>
`;
